[{'archived': False,
  'child_database': {'title': 'Task Details'},
  'created_by': {'id': '0a322732-388d-402e-9788-e745a51db203',
                 'object': 'user'},
  'created_time': '2024-08-03T16:17:00.000Z',
  'has_children': False,
  'id': '43643bd0-027c-447b-a9d2-f2f596992621',
  'in_trash': False,
  'last_edited_by': {'id': '0a322732-388d-402e-9788-e745a51db203',
                     'object': 'user'},
  'last_edited_time': '2024-08-03T16:44:00.000Z',
  'object': 'block',
  'parent': {'page_id': '929d5b04-d042-40be-bc07-7f131fd4d1d9',
             'type': 'page_id'},
  'type': 'child_database'},
 {'archived': False,
  'created_by': {'id': '0a322732-388d-402e-9788-e745a51db203',
                 'object': 'user'},
  'created_time': '2024-08-03T23:20:00.000Z',
  'has_children': False,
  'id': '9d9a6f7b-dd48-42b8-872f-e7ec3f1ee596',
  'in_trash': False,
  'last_edited_by': {'id': '0a322732-388d-402e-9788-e745a51db203',
                     'object': 'user'},
  'last_edited_time': '2024-08-03T23:20:00.000Z',
  'object': 'block',
  'paragraph': {'color': 'default', 'rich_text': []},
  'parent': {'page_id': '929d5b04-d042-40be-bc07-7f131fd4d1d9',
             'type': 'page_id'},
  'type': 'paragraph'},
 {'archived': False,
  'created_by': {'id': 'db057555-0d7c-455d-aa11-6711d5ee4ef0',
                 'object': 'user'},
  'created_time': '2024-08-03T23:24:00.000Z',
  'has_children': False,
  'heading_1': {'color': 'default',
                'is_toggleable': False,
                'rich_text': [{'annotations': {'bold': False,
                                               'code': False,
                                               'color': 'default',
                                               'italic': False,
                                               'strikethrough': False,
                                               'underline': False},
                               'href': None,
                               'mention': {'date': {'end': None,
                                                    'start': '2024-07-15',
                                                    'time_zone': None},
                                           'type': 'date'},
                               'plain_text': '2024-07-15',
                               'type': 'mention'}]},
  'id': 'e8db06d6-79d7-4140-ac43-c0c659c90b1a',
  'in_trash': False,
  'last_edited_by': {'id': 'db057555-0d7c-455d-aa11-6711d5ee4ef0',
                     'object': 'user'},
  'last_edited_time': '2024-08-03T23:24:00.000Z',
  'object': 'block',
  'parent': {'page_id': '929d5b04-d042-40be-bc07-7f131fd4d1d9',
             'type': 'page_id'},
  'type': 'heading_1'},
 {'archived': False,
  'created_by': {'id': 'db057555-0d7c-455d-aa11-6711d5ee4ef0',
                 'object': 'user'},
  'created_time': '2024-08-03T23:24:00.000Z',
  'has_children': False,
  'id': '21b9dad3-2b3e-4d41-8db0-1a7186a4efdf',
  'in_trash': False,
  'last_edited_by': {'id': 'db057555-0d7c-455d-aa11-6711d5ee4ef0',
                     'object': 'user'},
  'last_edited_time': '2024-08-03T23:24:00.000Z',
  'object': 'block',
  'paragraph': {'color': 'default',
                'rich_text': [{'annotations': {'bold': False,
                                               'code': False,
                                               'color': 'gray',
                                               'italic': False,
                                               'strikethrough': False,
                                               'underline': False},
                               'href': None,
                               'plain_text': '9',
                               'text': {'content': '9', 'link': None},
                               'type': 'text'}]},
  'parent': {'page_id': '929d5b04-d042-40be-bc07-7f131fd4d1d9',
             'type': 'page_id'},
  'type': 'paragraph'},
 {'archived': False,
  'created_by': {'id': 'db057555-0d7c-455d-aa11-6711d5ee4ef0',
                 'object': 'user'},
  'created_time': '2024-08-03T23:24:00.000Z',
  'has_children': False,
  'id': '562ded2c-2004-4a7b-9344-2e5e567eaa86',
  'in_trash': False,
  'last_edited_by': {'id': 'db057555-0d7c-455d-aa11-6711d5ee4ef0',
                     'object': 'user'},
  'last_edited_time': '2024-08-03T23:24:00.000Z',
  'object': 'block',
  'paragraph': {'color': 'default', 'rich_text': []},
  'parent': {'page_id': '929d5b04-d042-40be-bc07-7f131fd4d1d9',
             'type': 'page_id'},
  'type': 'paragraph'},
 {'archived': False,
  'created_by': {'id': 'db057555-0d7c-455d-aa11-6711d5ee4ef0',
                 'object': 'user'},
  'created_time': '2024-08-03T23:24:00.000Z',
  'has_children': False,
  'id': '689a7f5d-d925-493f-be33-187aecba13aa',
  'in_trash': False,
  'last_edited_by': {'id': 'db057555-0d7c-455d-aa11-6711d5ee4ef0',
                     'object': 'user'},
  'last_edited_time': '2024-08-03T23:24:00.000Z',
  'object': 'block',
  'paragraph': {'color': 'default',
                'rich_text': [{'annotations': {'bold': False,
                                               'code': False,
                                               'color': 'blue',
                                               'italic': False,
                                               'strikethrough': False,
                                               'underline': False},
                               'href': None,
                               'plain_text': '11:00',
                               'text': {'content': '11:00', 'link': None},
                               'type': 'text'}]},
  'parent': {'page_id': '929d5b04-d042-40be-bc07-7f131fd4d1d9',
             'type': 'page_id'},
  'type': 'paragraph'},
 {'archived': False,
  'created_by': {'id': 'db057555-0d7c-455d-aa11-6711d5ee4ef0',
                 'object': 'user'},
  'created_time': '2024-08-03T23:24:00.000Z',
  'has_children': False,
  'id': '1d0284d2-31f3-4c12-a9a3-26cbbfe66675',
  'in_trash': False,
  'last_edited_by': {'id': 'db057555-0d7c-455d-aa11-6711d5ee4ef0',
                     'object': 'user'},
  'last_edited_time': '2024-08-03T23:24:00.000Z',
  'object': 'block',
  'parent': {'page_id': '929d5b04-d042-40be-bc07-7f131fd4d1d9',
             'type': 'page_id'},
  'to_do': {'checked': False,
            'color': 'default',
            'rich_text': [{'annotations': {'bold': False,
                                           'code': False,
                                           'color': 'green',
                                           'italic': False,
                                           'strikethrough': False,
                                           'underline': False},
                           'href': None,
                           'plain_text': ' ',
                           'text': {'content': ' ', 'link': None},
                           'type': 'text'},
                          {'annotations': {'bold': False,
                                           'code': False,
                                           'color': 'brown',
                                           'italic': False,
                                           'strikethrough': False,
                                           'underline': False},
                           'href': None,
                           'plain_text': '11:00-11:20:\t',
                           'text': {'content': '11:00-11:20:\t', 'link': None},
                           'type': 'text'},
                          {'annotations': {'bold': False,
                                           'code': False,
                                           'color': 'default',
                                           'italic': False,
                                           'strikethrough': False,
                                           'underline': False},
                           'href': None,
                           'plain_text': 'wake up ',
                           'text': {'content': 'wake up ', 'link': None},
                           'type': 'text'},
                          {'annotations': {'bold': False,
                                           'code': False,
                                           'color': 'gray',
                                           'italic': False,
                                           'strikethrough': False,
                                           'underline': False},
                           'href': None,
                           'plain_text': '(20)',
                           'text': {'content': '(20)', 'link': None},
                           'type': 'text'},
                          {'annotations': {'bold': False,
                                           'code': False,
                                           'color': 'green',
                                           'italic': False,
                                           'strikethrough': False,
                                           'underline': False},
                           'href': None,
                           'plain_text': ' ',
                           'text': {'content': ' ', 'link': None},
                           'type': 'text'}]},
  'type': 'to_do'},
 {'archived': False,
  'created_by': {'id': 'db057555-0d7c-455d-aa11-6711d5ee4ef0',
                 'object': 'user'},
  'created_time': '2024-08-03T23:24:00.000Z',
  'has_children': False,
  'id': '31d7baad-ac49-4320-a27b-83fcec0c4d2f',
  'in_trash': False,
  'last_edited_by': {'id': 'db057555-0d7c-455d-aa11-6711d5ee4ef0',
                     'object': 'user'},
  'last_edited_time': '2024-08-03T23:24:00.000Z',
  'object': 'block',
  'paragraph': {'color': 'default', 'rich_text': []},
  'parent': {'page_id': '929d5b04-d042-40be-bc07-7f131fd4d1d9',
             'type': 'page_id'},
  'type': 'paragraph'},
 {'archived': False,
  'created_by': {'id': 'db057555-0d7c-455d-aa11-6711d5ee4ef0',
                 'object': 'user'},
  'created_time': '2024-08-03T23:24:00.000Z',
  'has_children': False,
  'id': 'f8ab603f-4cb1-4854-a2d2-d141312578f2',
  'in_trash': False,
  'last_edited_by': {'id': 'db057555-0d7c-455d-aa11-6711d5ee4ef0',
                     'object': 'user'},
  'last_edited_time': '2024-08-03T23:24:00.000Z',
  'object': 'block',
  'paragraph': {'color': 'default',
                'rich_text': [{'annotations': {'bold': False,
                                               'code': False,
                                               'color': 'gray',
                                               'italic': False,
                                               'strikethrough': False,
                                               'underline': False},
                               'href': None,
                               'plain_text': '\t\t\t\t- test 2',
                               'text': {'content': '\t\t\t\t- test 2',
                                        'link': None},
                               'type': 'text'}]},
  'parent': {'page_id': '929d5b04-d042-40be-bc07-7f131fd4d1d9',
             'type': 'page_id'},
  'type': 'paragraph'},
 {'archived': False,
  'created_by': {'id': 'db057555-0d7c-455d-aa11-6711d5ee4ef0',
                 'object': 'user'},
  'created_time': '2024-08-03T23:24:00.000Z',
  'has_children': False,
  'id': '692c15d4-92fe-4cf9-83f7-fbd89b96860f',
  'in_trash': False,
  'last_edited_by': {'id': 'db057555-0d7c-455d-aa11-6711d5ee4ef0',
                     'object': 'user'},
  'last_edited_time': '2024-08-03T23:24:00.000Z',
  'object': 'block',
  'paragraph': {'color': 'default',
                'rich_text': [{'annotations': {'bold': False,
                                               'code': False,
                                               'color': 'gray',
                                               'italic': False,
                                               'strikethrough': False,
                                               'underline': False},
                               'href': None,
                               'plain_text': '\t\t- test 3',
                               'text': {'content': '\t\t- test 3',
                                        'link': None},
                               'type': 'text'}]},
  'parent': {'page_id': '929d5b04-d042-40be-bc07-7f131fd4d1d9',
             'type': 'page_id'},
  'type': 'paragraph'},
 {'archived': False,
  'created_by': {'id': 'db057555-0d7c-455d-aa11-6711d5ee4ef0',
                 'object': 'user'},
  'created_time': '2024-08-03T23:24:00.000Z',
  'has_children': False,
  'id': '8a8f855f-4652-40af-b776-adaea2eb278c',
  'in_trash': False,
  'last_edited_by': {'id': 'db057555-0d7c-455d-aa11-6711d5ee4ef0',
                     'object': 'user'},
  'last_edited_time': '2024-08-03T23:24:00.000Z',
  'object': 'block',
  'paragraph': {'color': 'default', 'rich_text': []},
  'parent': {'page_id': '929d5b04-d042-40be-bc07-7f131fd4d1d9',
             'type': 'page_id'},
  'type': 'paragraph'},
 {'archived': False,
  'created_by': {'id': 'db057555-0d7c-455d-aa11-6711d5ee4ef0',
                 'object': 'user'},
  'created_time': '2024-08-03T23:24:00.000Z',
  'has_children': True,
  'id': 'f2688e6a-d455-403f-bd28-9dc75ea9d9b4',
  'in_trash': False,
  'last_edited_by': {'id': 'db057555-0d7c-455d-aa11-6711d5ee4ef0',
                     'object': 'user'},
  'last_edited_time': '2024-08-03T23:24:00.000Z',
  'object': 'block',
  'parent': {'page_id': '929d5b04-d042-40be-bc07-7f131fd4d1d9',
             'type': 'page_id'},
  'to_do': {'checked': False,
            'color': 'default',
            'rich_text': [{'annotations': {'bold': False,
                                           'code': False,
                                           'color': 'green',
                                           'italic': False,
                                           'strikethrough': False,
                                           'underline': False},
                           'href': None,
                           'plain_text': ' ',
                           'text': {'content': ' ', 'link': None},
                           'type': 'text'},
                          {'annotations': {'bold': False,
                                           'code': False,
                                           'color': 'brown',
                                           'italic': False,
                                           'strikethrough': False,
                                           'underline': False},
                           'href': None,
                           'plain_text': '11:20-11:35:\t',
                           'text': {'content': '11:20-11:35:\t', 'link': None},
                           'type': 'text'},
                          {'annotations': {'bold': False,
                                           'code': False,
                                           'color': 'default',
                                           'italic': False,
                                           'strikethrough': False,
                                           'underline': False},
                           'href': None,
                           'plain_text': 'skincare ',
                           'text': {'content': 'skincare ', 'link': None},
                           'type': 'text'},
                          {'annotations': {'bold': False,
                                           'code': False,
                                           'color': 'gray',
                                           'italic': False,
                                           'strikethrough': False,
                                           'underline': False},
                           'href': None,
                           'plain_text': '(15)',
                           'text': {'content': '(15)', 'link': None},
                           'type': 'text'},
                          {'annotations': {'bold': False,
                                           'code': False,
                                           'color': 'green',
                                           'italic': False,
                                           'strikethrough': False,
                                           'underline': False},
                           'href': None,
                           'plain_text': ' ',
                           'text': {'content': ' ', 'link': None},
                           'type': 'text'}]},
  'type': 'to_do'},
 {'archived': False,
  'created_by': {'id': 'db057555-0d7c-455d-aa11-6711d5ee4ef0',
                 'object': 'user'},
  'created_time': '2024-08-03T23:24:00.000Z',
  'has_children': False,
  'id': '9e9d9669-6a01-4de3-869d-45aaa692c5c0',
  'in_trash': False,
  'last_edited_by': {'id': 'db057555-0d7c-455d-aa11-6711d5ee4ef0',
                     'object': 'user'},
  'last_edited_time': '2024-08-03T23:24:00.000Z',
  'object': 'block',
  'paragraph': {'color': 'default',
                'rich_text': [{'annotations': {'bold': False,
                                               'code': False,
                                               'color': 'blue',
                                               'italic': False,
                                               'strikethrough': False,
                                               'underline': False},
                               'href': None,
                               'plain_text': '11:22',
                               'text': {'content': '11:22', 'link': None},
                               'type': 'text'}]},
  'parent': {'block_id': 'f2688e6a-d455-403f-bd28-9dc75ea9d9b4',
             'type': 'block_id'},
  'type': 'paragraph'},
 {'archived': False,
  'created_by': {'id': 'db057555-0d7c-455d-aa11-6711d5ee4ef0',
                 'object': 'user'},
  'created_time': '2024-08-03T23:24:00.000Z',
  'has_children': False,
  'id': '84efdda3-b461-4642-be89-9d7cb9d40f8d',
  'in_trash': False,
  'last_edited_by': {'id': 'db057555-0d7c-455d-aa11-6711d5ee4ef0',
                     'object': 'user'},
  'last_edited_time': '2024-08-03T23:24:00.000Z',
  'object': 'block',
  'parent': {'block_id': 'f2688e6a-d455-403f-bd28-9dc75ea9d9b4',
             'type': 'block_id'},
  'to_do': {'checked': False,
            'color': 'default',
            'rich_text': [{'annotations': {'bold': False,
                                           'code': False,
                                           'color': 'green',
                                           'italic': False,
                                           'strikethrough': False,
                                           'underline': False},
                           'href': None,
                           'plain_text': ' ',
                           'text': {'content': ' ', 'link': None},
                           'type': 'text'},
                          {'annotations': {'bold': False,
                                           'code': False,
                                           'color': 'brown',
                                           'italic': False,
                                           'strikethrough': False,
                                           'underline': False},
                           'href': None,
                           'plain_text': '11:22-11:23:\t',
                           'text': {'content': '11:22-11:23:\t', 'link': None},
                           'type': 'text'},
                          {'annotations': {'bold': False,
                                           'code': False,
                                           'color': 'default',
                                           'italic': False,
                                           'strikethrough': False,
                                           'underline': False},
                           'href': None,
                           'plain_text': 'test 3 ',
                           'text': {'content': 'test 3 ', 'link': None},
                           'type': 'text'},
                          {'annotations': {'bold': False,
                                           'code': False,
                                           'color': 'gray',
                                           'italic': False,
                                           'strikethrough': False,
                                           'underline': False},
                           'href': None,
                           'plain_text': '(1)',
                           'text': {'content': '(1)', 'link': None},
                           'type': 'text'},
                          {'annotations': {'bold': False,
                                           'code': False,
                                           'color': 'green',
                                           'italic': False,
                                           'strikethrough': False,
                                           'underline': False},
                           'href': None,
                           'plain_text': ' ',
                           'text': {'content': ' ', 'link': None},
                           'type': 'text'}]},
  'type': 'to_do'},
 {'archived': False,
  'created_by': {'id': 'db057555-0d7c-455d-aa11-6711d5ee4ef0',
                 'object': 'user'},
  'created_time': '2024-08-03T23:24:00.000Z',
  'has_children': False,
  'id': '1f3340b0-087e-439e-9b54-20c2746b62c3',
  'in_trash': False,
  'last_edited_by': {'id': 'db057555-0d7c-455d-aa11-6711d5ee4ef0',
                     'object': 'user'},
  'last_edited_time': '2024-08-03T23:24:00.000Z',
  'object': 'block',
  'parent': {'block_id': 'f2688e6a-d455-403f-bd28-9dc75ea9d9b4',
             'type': 'block_id'},
  'to_do': {'checked': False,
            'color': 'default',
            'rich_text': [{'annotations': {'bold': False,
                                           'code': False,
                                           'color': 'green',
                                           'italic': False,
                                           'strikethrough': False,
                                           'underline': False},
                           'href': None,
                           'plain_text': ' ',
                           'text': {'content': ' ', 'link': None},
                           'type': 'text'},
                          {'annotations': {'bold': False,
                                           'code': False,
                                           'color': 'brown',
                                           'italic': False,
                                           'strikethrough': False,
                                           'underline': False},
                           'href': None,
                           'plain_text': '11:23-11:24:\t',
                           'text': {'content': '11:23-11:24:\t', 'link': None},
                           'type': 'text'},
                          {'annotations': {'bold': False,
                                           'code': False,
                                           'color': 'default',
                                           'italic': False,
                                           'strikethrough': False,
                                           'underline': False},
                           'href': None,
                           'plain_text': 'test 2 ',
                           'text': {'content': 'test 2 ', 'link': None},
                           'type': 'text'},
                          {'annotations': {'bold': False,
                                           'code': False,
                                           'color': 'gray',
                                           'italic': False,
                                           'strikethrough': False,
                                           'underline': False},
                           'href': None,
                           'plain_text': '(1)',
                           'text': {'content': '(1)', 'link': None},
                           'type': 'text'},
                          {'annotations': {'bold': False,
                                           'code': False,
                                           'color': 'green',
                                           'italic': False,
                                           'strikethrough': False,
                                           'underline': False},
                           'href': None,
                           'plain_text': ' ',
                           'text': {'content': ' ', 'link': None},
                           'type': 'text'}]},
  'type': 'to_do'},
 {'archived': False,
  'created_by': {'id': 'db057555-0d7c-455d-aa11-6711d5ee4ef0',
                 'object': 'user'},
  'created_time': '2024-08-03T23:24:00.000Z',
  'has_children': False,
  'id': '6d5a0c1b-f255-4148-a56a-462a82efb106',
  'in_trash': False,
  'last_edited_by': {'id': 'db057555-0d7c-455d-aa11-6711d5ee4ef0',
                     'object': 'user'},
  'last_edited_time': '2024-08-03T23:24:00.000Z',
  'object': 'block',
  'parent': {'block_id': 'f2688e6a-d455-403f-bd28-9dc75ea9d9b4',
             'type': 'block_id'},
  'to_do': {'checked': False,
            'color': 'default',
            'rich_text': [{'annotations': {'bold': False,
                                           'code': False,
                                           'color': 'green',
                                           'italic': False,
                                           'strikethrough': False,
                                           'underline': False},
                           'href': None,
                           'plain_text': ' ',
                           'text': {'content': ' ', 'link': None},
                           'type': 'text'},
                          {'annotations': {'bold': False,
                                           'code': False,
                                           'color': 'brown',
                                           'italic': False,
                                           'strikethrough': False,
                                           'underline': False},
                           'href': None,
                           'plain_text': '11:24-11:25:\t',
                           'text': {'content': '11:24-11:25:\t', 'link': None},
                           'type': 'text'},
                          {'annotations': {'bold': False,
                                           'code': False,
                                           'color': 'default',
                                           'italic': False,
                                           'strikethrough': False,
                                           'underline': False},
                           'href': None,
                           'plain_text': 'test 1 ',
                           'text': {'content': 'test 1 ', 'link': None},
                           'type': 'text'},
                          {'annotations': {'bold': False,
                                           'code': False,
                                           'color': 'gray',
                                           'italic': False,
                                           'strikethrough': False,
                                           'underline': False},
                           'href': None,
                           'plain_text': '(1)',
                           'text': {'content': '(1)', 'link': None},
                           'type': 'text'},
                          {'annotations': {'bold': False,
                                           'code': False,
                                           'color': 'green',
                                           'italic': False,
                                           'strikethrough': False,
                                           'underline': False},
                           'href': None,
                           'plain_text': ' ',
                           'text': {'content': ' ', 'link': None},
                           'type': 'text'}]},
  'type': 'to_do'},
 {'archived': False,
  'created_by': {'id': 'db057555-0d7c-455d-aa11-6711d5ee4ef0',
                 'object': 'user'},
  'created_time': '2024-08-03T23:24:00.000Z',
  'has_children': False,
  'id': '7802cefc-5738-4ae7-b8fe-6671c88c87f0',
  'in_trash': False,
  'last_edited_by': {'id': 'db057555-0d7c-455d-aa11-6711d5ee4ef0',
                     'object': 'user'},
  'last_edited_time': '2024-08-03T23:24:00.000Z',
  'object': 'block',
  'paragraph': {'color': 'default', 'rich_text': []},
  'parent': {'page_id': '929d5b04-d042-40be-bc07-7f131fd4d1d9',
             'type': 'page_id'},
  'type': 'paragraph'},
 {'archived': False,
  'created_by': {'id': 'db057555-0d7c-455d-aa11-6711d5ee4ef0',
                 'object': 'user'},
  'created_time': '2024-08-03T23:24:00.000Z',
  'has_children': False,
  'id': 'c0b973e6-fd0a-4dc0-8c97-0e9f9a66a8aa',
  'in_trash': False,
  'last_edited_by': {'id': 'db057555-0d7c-455d-aa11-6711d5ee4ef0',
                     'object': 'user'},
  'last_edited_time': '2024-08-03T23:24:00.000Z',
  'object': 'block',
  'parent': {'page_id': '929d5b04-d042-40be-bc07-7f131fd4d1d9',
             'type': 'page_id'},
  'to_do': {'checked': False,
            'color': 'default',
            'rich_text': [{'annotations': {'bold': False,
                                           'code': False,
                                           'color': 'green',
                                           'italic': False,
                                           'strikethrough': False,
                                           'underline': False},
                           'href': None,
                           'plain_text': ' ',
                           'text': {'content': ' ', 'link': None},
                           'type': 'text'},
                          {'annotations': {'bold': False,
                                           'code': False,
                                           'color': 'brown',
                                           'italic': False,
                                           'strikethrough': False,
                                           'underline': False},
                           'href': None,
                           'plain_text': '11:35-11:45:\t',
                           'text': {'content': '11:35-11:45:\t', 'link': None},
                           'type': 'text'},
                          {'annotations': {'bold': False,
                                           'code': False,
                                           'color': 'default',
                                           'italic': False,
                                           'strikethrough': False,
                                           'underline': False},
                           'href': None,
                           'plain_text': 'get ready ',
                           'text': {'content': 'get ready ', 'link': None},
                           'type': 'text'},
                          {'annotations': {'bold': False,
                                           'code': False,
                                           'color': 'gray',
                                           'italic': False,
                                           'strikethrough': False,
                                           'underline': False},
                           'href': None,
                           'plain_text': '(10)',
                           'text': {'content': '(10)', 'link': None},
                           'type': 'text'},
                          {'annotations': {'bold': False,
                                           'code': False,
                                           'color': 'green',
                                           'italic': False,
                                           'strikethrough': False,
                                           'underline': False},
                           'href': None,
                           'plain_text': ' ',
                           'text': {'content': ' ', 'link': None},
                           'type': 'text'}]},
  'type': 'to_do'},
 {'archived': False,
  'created_by': {'id': 'db057555-0d7c-455d-aa11-6711d5ee4ef0',
                 'object': 'user'},
  'created_time': '2024-08-03T23:24:00.000Z',
  'has_children': False,
  'id': '7e60d135-834e-4f24-b239-24b8be25c8cf',
  'in_trash': False,
  'last_edited_by': {'id': 'db057555-0d7c-455d-aa11-6711d5ee4ef0',
                     'object': 'user'},
  'last_edited_time': '2024-08-03T23:24:00.000Z',
  'object': 'block',
  'paragraph': {'color': 'default', 'rich_text': []},
  'parent': {'page_id': '929d5b04-d042-40be-bc07-7f131fd4d1d9',
             'type': 'page_id'},
  'type': 'paragraph'},
 {'archived': False,
  'created_by': {'id': 'db057555-0d7c-455d-aa11-6711d5ee4ef0',
                 'object': 'user'},
  'created_time': '2024-08-03T23:24:00.000Z',
  'has_children': False,
  'id': '9939cd22-d8f9-49e2-9f0d-bf129deac0b2',
  'in_trash': False,
  'last_edited_by': {'id': 'db057555-0d7c-455d-aa11-6711d5ee4ef0',
                     'object': 'user'},
  'last_edited_time': '2024-08-03T23:24:00.000Z',
  'object': 'block',
  'parent': {'page_id': '929d5b04-d042-40be-bc07-7f131fd4d1d9',
             'type': 'page_id'},
  'to_do': {'checked': False,
            'color': 'default',
            'rich_text': [{'annotations': {'bold': False,
                                           'code': False,
                                           'color': 'green',
                                           'italic': False,
                                           'strikethrough': False,
                                           'underline': False},
                           'href': None,
                           'plain_text': ' ',
                           'text': {'content': ' ', 'link': None},
                           'type': 'text'},
                          {'annotations': {'bold': False,
                                           'code': False,
                                           'color': 'brown',
                                           'italic': False,
                                           'strikethrough': False,
                                           'underline': False},
                           'href': None,
                           'plain_text': '11:45-12:00:\t',
                           'text': {'content': '11:45-12:00:\t', 'link': None},
                           'type': 'text'},
                          {'annotations': {'bold': False,
                                           'code': False,
                                           'color': 'default',
                                           'italic': False,
                                           'strikethrough': False,
                                           'underline': False},
                           'href': None,
                           'plain_text': 'go to lunch ',
                           'text': {'content': 'go to lunch ', 'link': None},
                           'type': 'text'},
                          {'annotations': {'bold': False,
                                           'code': False,
                                           'color': 'gray',
                                           'italic': False,
                                           'strikethrough': False,
                                           'underline': False},
                           'href': None,
                           'plain_text': '(15)',
                           'text': {'content': '(15)', 'link': None},
                           'type': 'text'},
                          {'annotations': {'bold': False,
                                           'code': False,
                                           'color': 'green',
                                           'italic': False,
                                           'strikethrough': False,
                                           'underline': False},
                           'href': None,
                           'plain_text': ' ',
                           'text': {'content': ' ', 'link': None},
                           'type': 'text'}]},
  'type': 'to_do'},
 {'archived': False,
  'created_by': {'id': 'db057555-0d7c-455d-aa11-6711d5ee4ef0',
                 'object': 'user'},
  'created_time': '2024-08-03T23:24:00.000Z',
  'has_children': False,
  'id': '5d2a73b4-133a-425b-8951-826b90aaab8f',
  'in_trash': False,
  'last_edited_by': {'id': 'db057555-0d7c-455d-aa11-6711d5ee4ef0',
                     'object': 'user'},
  'last_edited_time': '2024-08-03T23:24:00.000Z',
  'object': 'block',
  'parent': {'page_id': '929d5b04-d042-40be-bc07-7f131fd4d1d9',
             'type': 'page_id'},
  'to_do': {'checked': False,
            'color': 'default',
            'rich_text': [{'annotations': {'bold': False,
                                           'code': False,
                                           'color': 'green',
                                           'italic': False,
                                           'strikethrough': False,
                                           'underline': False},
                           'href': None,
                           'plain_text': ' ',
                           'text': {'content': ' ', 'link': None},
                           'type': 'text'},
                          {'annotations': {'bold': False,
                                           'code': False,
                                           'color': 'brown',
                                           'italic': False,
                                           'strikethrough': False,
                                           'underline': False},
                           'href': None,
                           'plain_text': '12:00-13:00:\t',
                           'text': {'content': '12:00-13:00:\t', 'link': None},
                           'type': 'text'},
                          {'annotations': {'bold': False,
                                           'code': False,
                                           'color': 'default',
                                           'italic': False,
                                           'strikethrough': False,
                                           'underline': False},
                           'href': None,
                           'plain_text': 'lunch ',
                           'text': {'content': 'lunch ', 'link': None},
                           'type': 'text'},
                          {'annotations': {'bold': False,
                                           'code': False,
                                           'color': 'gray',
                                           'italic': False,
                                           'strikethrough': False,
                                           'underline': False},
                           'href': None,
                           'plain_text': '(1h)',
                           'text': {'content': '(1h)', 'link': None},
                           'type': 'text'},
                          {'annotations': {'bold': False,
                                           'code': False,
                                           'color': 'green',
                                           'italic': False,
                                           'strikethrough': False,
                                           'underline': False},
                           'href': None,
                           'plain_text': ' ',
                           'text': {'content': ' ', 'link': None},
                           'type': 'text'}]},
  'type': 'to_do'},
 {'archived': False,
  'created_by': {'id': 'db057555-0d7c-455d-aa11-6711d5ee4ef0',
                 'object': 'user'},
  'created_time': '2024-08-03T23:24:00.000Z',
  'has_children': False,
  'id': 'f0fbb016-0a75-4b39-972d-3310f1f55881',
  'in_trash': False,
  'last_edited_by': {'id': 'db057555-0d7c-455d-aa11-6711d5ee4ef0',
                     'object': 'user'},
  'last_edited_time': '2024-08-03T23:24:00.000Z',
  'object': 'block',
  'parent': {'page_id': '929d5b04-d042-40be-bc07-7f131fd4d1d9',
             'type': 'page_id'},
  'to_do': {'checked': False,
            'color': 'default',
            'rich_text': [{'annotations': {'bold': False,
                                           'code': False,
                                           'color': 'green',
                                           'italic': False,
                                           'strikethrough': False,
                                           'underline': False},
                           'href': None,
                           'plain_text': ' ',
                           'text': {'content': ' ', 'link': None},
                           'type': 'text'},
                          {'annotations': {'bold': False,
                                           'code': False,
                                           'color': 'brown',
                                           'italic': False,
                                           'strikethrough': False,
                                           'underline': False},
                           'href': None,
                           'plain_text': '13:00-13:15:\t',
                           'text': {'content': '13:00-13:15:\t', 'link': None},
                           'type': 'text'},
                          {'annotations': {'bold': False,
                                           'code': False,
                                           'color': 'default',
                                           'italic': False,
                                           'strikethrough': False,
                                           'underline': False},
                           'href': None,
                           'plain_text': 'come back from lunch ',
                           'text': {'content': 'come back from lunch ',
                                    'link': None},
                           'type': 'text'},
                          {'annotations': {'bold': False,
                                           'code': False,
                                           'color': 'gray',
                                           'italic': False,
                                           'strikethrough': False,
                                           'underline': False},
                           'href': None,
                           'plain_text': '(15)',
                           'text': {'content': '(15)', 'link': None},
                           'type': 'text'},
                          {'annotations': {'bold': False,
                                           'code': False,
                                           'color': 'green',
                                           'italic': False,
                                           'strikethrough': False,
                                           'underline': False},
                           'href': None,
                           'plain_text': ' ',
                           'text': {'content': ' ', 'link': None},
                           'type': 'text'}]},
  'type': 'to_do'},
 {'archived': False,
  'created_by': {'id': 'db057555-0d7c-455d-aa11-6711d5ee4ef0',
                 'object': 'user'},
  'created_time': '2024-08-03T23:24:00.000Z',
  'has_children': False,
  'id': '84837d59-2236-4f6a-98ea-e60f44bb3ce6',
  'in_trash': False,
  'last_edited_by': {'id': 'db057555-0d7c-455d-aa11-6711d5ee4ef0',
                     'object': 'user'},
  'last_edited_time': '2024-08-03T23:24:00.000Z',
  'object': 'block',
  'paragraph': {'color': 'default', 'rich_text': []},
  'parent': {'page_id': '929d5b04-d042-40be-bc07-7f131fd4d1d9',
             'type': 'page_id'},
  'type': 'paragraph'},
 {'archived': False,
  'created_by': {'id': 'db057555-0d7c-455d-aa11-6711d5ee4ef0',
                 'object': 'user'},
  'created_time': '2024-08-03T23:24:00.000Z',
  'has_children': False,
  'id': 'b32908b1-f5b5-4383-b280-dd071d9951e4',
  'in_trash': False,
  'last_edited_by': {'id': 'db057555-0d7c-455d-aa11-6711d5ee4ef0',
                     'object': 'user'},
  'last_edited_time': '2024-08-03T23:24:00.000Z',
  'object': 'block',
  'parent': {'page_id': '929d5b04-d042-40be-bc07-7f131fd4d1d9',
             'type': 'page_id'},
  'to_do': {'checked': False,
            'color': 'default',
            'rich_text': [{'annotations': {'bold': False,
                                           'code': False,
                                           'color': 'green',
                                           'italic': False,
                                           'strikethrough': False,
                                           'underline': False},
                           'href': None,
                           'plain_text': ' ',
                           'text': {'content': ' ', 'link': None},
                           'type': 'text'},
                          {'annotations': {'bold': False,
                                           'code': False,
                                           'color': 'brown',
                                           'italic': False,
                                           'strikethrough': False,
                                           'underline': False},
                           'href': None,
                           'plain_text': '13:15-15:00:\t',
                           'text': {'content': '13:15-15:00:\t', 'link': None},
                           'type': 'text'},
                          {'annotations': {'bold': False,
                                           'code': False,
                                           'color': 'default',
                                           'italic': False,
                                           'strikethrough': False,
                                           'underline': False},
                           'href': None,
                           'plain_text': 'evaluate medium term goals ',
                           'text': {'content': 'evaluate medium term goals ',
                                    'link': None},
                           'type': 'text'},
                          {'annotations': {'bold': False,
                                           'code': False,
                                           'color': 'gray',
                                           'italic': False,
                                           'strikethrough': False,
                                           'underline': False},
                           'href': None,
                           'plain_text': '(1h45)',
                           'text': {'content': '(1h45)', 'link': None},
                           'type': 'text'},
                          {'annotations': {'bold': False,
                                           'code': False,
                                           'color': 'green',
                                           'italic': False,
                                           'strikethrough': False,
                                           'underline': False},
                           'href': None,
                           'plain_text': ' ',
                           'text': {'content': ' ', 'link': None},
                           'type': 'text'}]},
  'type': 'to_do'},
 {'archived': False,
  'created_by': {'id': 'db057555-0d7c-455d-aa11-6711d5ee4ef0',
                 'object': 'user'},
  'created_time': '2024-08-03T23:24:00.000Z',
  'has_children': False,
  'id': 'bc2d4e81-da9e-40cc-a1e7-2ac39114ac04',
  'in_trash': False,
  'last_edited_by': {'id': 'db057555-0d7c-455d-aa11-6711d5ee4ef0',
                     'object': 'user'},
  'last_edited_time': '2024-08-03T23:24:00.000Z',
  'object': 'block',
  'paragraph': {'color': 'default', 'rich_text': []},
  'parent': {'page_id': '929d5b04-d042-40be-bc07-7f131fd4d1d9',
             'type': 'page_id'},
  'type': 'paragraph'},
 {'archived': False,
  'created_by': {'id': 'db057555-0d7c-455d-aa11-6711d5ee4ef0',
                 'object': 'user'},
  'created_time': '2024-08-03T23:24:00.000Z',
  'has_children': False,
  'id': 'ddf0e71d-1457-44d9-a937-3e92c82d533d',
  'in_trash': False,
  'last_edited_by': {'id': 'db057555-0d7c-455d-aa11-6711d5ee4ef0',
                     'object': 'user'},
  'last_edited_time': '2024-08-03T23:24:00.000Z',
  'object': 'block',
  'paragraph': {'color': 'default',
                'rich_text': [{'annotations': {'bold': False,
                                               'code': False,
                                               'color': 'gray',
                                               'italic': False,
                                               'strikethrough': False,
                                               'underline': False},
                               'href': None,
                               'plain_text': '4pm',
                               'text': {'content': '4pm', 'link': None},
                               'type': 'text'}]},
  'parent': {'page_id': '929d5b04-d042-40be-bc07-7f131fd4d1d9',
             'type': 'page_id'},
  'type': 'paragraph'},
 {'archived': False,
  'created_by': {'id': 'db057555-0d7c-455d-aa11-6711d5ee4ef0',
                 'object': 'user'},
  'created_time': '2024-08-03T23:24:00.000Z',
  'has_children': False,
  'id': '1378716a-1f34-47b9-a55a-9f3157bf3515',
  'in_trash': False,
  'last_edited_by': {'id': 'db057555-0d7c-455d-aa11-6711d5ee4ef0',
                     'object': 'user'},
  'last_edited_time': '2024-08-03T23:24:00.000Z',
  'object': 'block',
  'paragraph': {'color': 'default',
                'rich_text': [{'annotations': {'bold': False,
                                               'code': False,
                                               'color': 'gray',
                                               'italic': False,
                                               'strikethrough': False,
                                               'underline': False},
                               'href': None,
                               'plain_text': 'asdf',
                               'text': {'content': 'asdf', 'link': None},
                               'type': 'text'}]},
  'parent': {'page_id': '929d5b04-d042-40be-bc07-7f131fd4d1d9',
             'type': 'page_id'},
  'type': 'paragraph'},
 {'archived': False,
  'created_by': {'id': 'db057555-0d7c-455d-aa11-6711d5ee4ef0',
                 'object': 'user'},
  'created_time': '2024-08-03T23:24:00.000Z',
  'has_children': False,
  'id': '1de80942-56f3-4c96-ab78-251672f800bc',
  'in_trash': False,
  'last_edited_by': {'id': 'db057555-0d7c-455d-aa11-6711d5ee4ef0',
                     'object': 'user'},
  'last_edited_time': '2024-08-03T23:24:00.000Z',
  'object': 'block',
  'paragraph': {'color': 'default', 'rich_text': []},
  'parent': {'page_id': '929d5b04-d042-40be-bc07-7f131fd4d1d9',
             'type': 'page_id'},
  'type': 'paragraph'},
 {'archived': False,
  'created_by': {'id': 'db057555-0d7c-455d-aa11-6711d5ee4ef0',
                 'object': 'user'},
  'created_time': '2024-08-03T23:24:00.000Z',
  'has_children': False,
  'id': 'ad8e6ab0-e68d-42c3-8f07-c55817825341',
  'in_trash': False,
  'last_edited_by': {'id': 'db057555-0d7c-455d-aa11-6711d5ee4ef0',
                     'object': 'user'},
  'last_edited_time': '2024-08-03T23:24:00.000Z',
  'object': 'block',
  'parent': {'page_id': '929d5b04-d042-40be-bc07-7f131fd4d1d9',
             'type': 'page_id'},
  'to_do': {'checked': False,
            'color': 'default',
            'rich_text': [{'annotations': {'bold': False,
                                           'code': False,
                                           'color': 'green',
                                           'italic': False,
                                           'strikethrough': False,
                                           'underline': False},
                           'href': None,
                           'plain_text': ' ',
                           'text': {'content': ' ', 'link': None},
                           'type': 'text'},
                          {'annotations': {'bold': False,
                                           'code': False,
                                           'color': 'brown',
                                           'italic': False,
                                           'strikethrough': False,
                                           'underline': False},
                           'href': None,
                           'plain_text': '15:00-15:10:\t',
                           'text': {'content': '15:00-15:10:\t', 'link': None},
                           'type': 'text'},
                          {'annotations': {'bold': False,
                                           'code': False,
                                           'color': 'default',
                                           'italic': False,
                                           'strikethrough': False,
                                           'underline': False},
                           'href': None,
                           'plain_text': 'start recording ',
                           'text': {'content': 'start recording ',
                                    'link': None},
                           'type': 'text'},
                          {'annotations': {'bold': False,
                                           'code': False,
                                           'color': 'gray',
                                           'italic': False,
                                           'strikethrough': False,
                                           'underline': False},
                           'href': None,
                           'plain_text': '(10)',
                           'text': {'content': '(10)', 'link': None},
                           'type': 'text'},
                          {'annotations': {'bold': False,
                                           'code': False,
                                           'color': 'green',
                                           'italic': False,
                                           'strikethrough': False,
                                           'underline': False},
                           'href': None,
                           'plain_text': ' ',
                           'text': {'content': ' ', 'link': None},
                           'type': 'text'}]},
  'type': 'to_do'},
 {'archived': False,
  'created_by': {'id': 'db057555-0d7c-455d-aa11-6711d5ee4ef0',
                 'object': 'user'},
  'created_time': '2024-08-03T23:24:00.000Z',
  'has_children': False,
  'id': '1ed71509-234c-4aa3-ab28-dff5144c3f1a',
  'in_trash': False,
  'last_edited_by': {'id': 'db057555-0d7c-455d-aa11-6711d5ee4ef0',
                     'object': 'user'},
  'last_edited_time': '2024-08-03T23:24:00.000Z',
  'object': 'block',
  'parent': {'page_id': '929d5b04-d042-40be-bc07-7f131fd4d1d9',
             'type': 'page_id'},
  'to_do': {'checked': False,
            'color': 'default',
            'rich_text': [{'annotations': {'bold': False,
                                           'code': False,
                                           'color': 'green',
                                           'italic': False,
                                           'strikethrough': False,
                                           'underline': False},
                           'href': None,
                           'plain_text': ' ',
                           'text': {'content': ' ', 'link': None},
                           'type': 'text'},
                          {'annotations': {'bold': False,
                                           'code': False,
                                           'color': 'brown',
                                           'italic': False,
                                           'strikethrough': False,
                                           'underline': False},
                           'href': None,
                           'plain_text': '15:10-16:40:\t',
                           'text': {'content': '15:10-16:40:\t', 'link': None},
                           'type': 'text'},
                          {'annotations': {'bold': False,
                                           'code': False,
                                           'color': 'default',
                                           'italic': False,
                                           'strikethrough': False,
                                           'underline': False},
                           'href': None,
                           'plain_text': 'new AoC - open book approach '
                                         'guidelines ',
                           'text': {'content': 'new AoC - open book approach '
                                               'guidelines ',
                                    'link': None},
                           'type': 'text'},
                          {'annotations': {'bold': False,
                                           'code': False,
                                           'color': 'gray',
                                           'italic': False,
                                           'strikethrough': False,
                                           'underline': False},
                           'href': None,
                           'plain_text': '(1h30)',
                           'text': {'content': '(1h30)', 'link': None},
                           'type': 'text'},
                          {'annotations': {'bold': False,
                                           'code': False,
                                           'color': 'green',
                                           'italic': False,
                                           'strikethrough': False,
                                           'underline': False},
                           'href': None,
                           'plain_text': ' ',
                           'text': {'content': ' ', 'link': None},
                           'type': 'text'}]},
  'type': 'to_do'},
 {'archived': False,
  'created_by': {'id': 'db057555-0d7c-455d-aa11-6711d5ee4ef0',
                 'object': 'user'},
  'created_time': '2024-08-03T23:24:00.000Z',
  'has_children': False,
  'id': '41a075a2-542b-42ca-a1e0-bd366a66aade',
  'in_trash': False,
  'last_edited_by': {'id': 'db057555-0d7c-455d-aa11-6711d5ee4ef0',
                     'object': 'user'},
  'last_edited_time': '2024-08-03T23:24:00.000Z',
  'object': 'block',
  'parent': {'page_id': '929d5b04-d042-40be-bc07-7f131fd4d1d9',
             'type': 'page_id'},
  'to_do': {'checked': False,
            'color': 'default',
            'rich_text': [{'annotations': {'bold': False,
                                           'code': False,
                                           'color': 'green',
                                           'italic': False,
                                           'strikethrough': False,
                                           'underline': False},
                           'href': None,
                           'plain_text': ' ',
                           'text': {'content': ' ', 'link': None},
                           'type': 'text'},
                          {'annotations': {'bold': False,
                                           'code': False,
                                           'color': 'brown',
                                           'italic': False,
                                           'strikethrough': False,
                                           'underline': False},
                           'href': None,
                           'plain_text': '16:40-17:00:\t',
                           'text': {'content': '16:40-17:00:\t', 'link': None},
                           'type': 'text'},
                          {'annotations': {'bold': False,
                                           'code': False,
                                           'color': 'default',
                                           'italic': False,
                                           'strikethrough': False,
                                           'underline': False},
                           'href': None,
                           'plain_text': 'competitive programing retro ',
                           'text': {'content': 'competitive programing retro ',
                                    'link': None},
                           'type': 'text'},
                          {'annotations': {'bold': False,
                                           'code': False,
                                           'color': 'gray',
                                           'italic': False,
                                           'strikethrough': False,
                                           'underline': False},
                           'href': None,
                           'plain_text': '(20)',
                           'text': {'content': '(20)', 'link': None},
                           'type': 'text'},
                          {'annotations': {'bold': False,
                                           'code': False,
                                           'color': 'green',
                                           'italic': False,
                                           'strikethrough': False,
                                           'underline': False},
                           'href': None,
                           'plain_text': ' ',
                           'text': {'content': ' ', 'link': None},
                           'type': 'text'}]},
  'type': 'to_do'},
 {'archived': False,
  'created_by': {'id': 'db057555-0d7c-455d-aa11-6711d5ee4ef0',
                 'object': 'user'},
  'created_time': '2024-08-03T23:24:00.000Z',
  'has_children': False,
  'id': 'b0928ee7-6b01-4d9e-a0bf-ecf34c413d73',
  'in_trash': False,
  'last_edited_by': {'id': 'db057555-0d7c-455d-aa11-6711d5ee4ef0',
                     'object': 'user'},
  'last_edited_time': '2024-08-03T23:24:00.000Z',
  'object': 'block',
  'paragraph': {'color': 'default', 'rich_text': []},
  'parent': {'page_id': '929d5b04-d042-40be-bc07-7f131fd4d1d9',
             'type': 'page_id'},
  'type': 'paragraph'},
 {'archived': False,
  'created_by': {'id': 'db057555-0d7c-455d-aa11-6711d5ee4ef0',
                 'object': 'user'},
  'created_time': '2024-08-03T23:24:00.000Z',
  'has_children': False,
  'id': '0f5178c1-3c64-46cf-8d2b-f43b015dc1bc',
  'in_trash': False,
  'last_edited_by': {'id': 'db057555-0d7c-455d-aa11-6711d5ee4ef0',
                     'object': 'user'},
  'last_edited_time': '2024-08-03T23:24:00.000Z',
  'object': 'block',
  'paragraph': {'color': 'default',
                'rich_text': [{'annotations': {'bold': False,
                                               'code': False,
                                               'color': 'gray',
                                               'italic': False,
                                               'strikethrough': False,
                                               'underline': False},
                               'href': None,
                               'plain_text': '\t\tasdfg',
                               'text': {'content': '\t\tasdfg', 'link': None},
                               'type': 'text'}]},
  'parent': {'page_id': '929d5b04-d042-40be-bc07-7f131fd4d1d9',
             'type': 'page_id'},
  'type': 'paragraph'},
 {'archived': False,
  'created_by': {'id': 'db057555-0d7c-455d-aa11-6711d5ee4ef0',
                 'object': 'user'},
  'created_time': '2024-08-03T23:24:00.000Z',
  'has_children': False,
  'id': '3ff5751e-275d-46c3-bfef-b72b6069fff7',
  'in_trash': False,
  'last_edited_by': {'id': 'db057555-0d7c-455d-aa11-6711d5ee4ef0',
                     'object': 'user'},
  'last_edited_time': '2024-08-03T23:24:00.000Z',
  'object': 'block',
  'paragraph': {'color': 'default', 'rich_text': []},
  'parent': {'page_id': '929d5b04-d042-40be-bc07-7f131fd4d1d9',
             'type': 'page_id'},
  'type': 'paragraph'},
 {'archived': False,
  'created_by': {'id': 'db057555-0d7c-455d-aa11-6711d5ee4ef0',
                 'object': 'user'},
  'created_time': '2024-08-03T23:24:00.000Z',
  'has_children': False,
  'id': '497a5e94-319d-4765-9f11-aeb4438f2b61',
  'in_trash': False,
  'last_edited_by': {'id': 'db057555-0d7c-455d-aa11-6711d5ee4ef0',
                     'object': 'user'},
  'last_edited_time': '2024-08-03T23:24:00.000Z',
  'object': 'block',
  'paragraph': {'color': 'default',
                'rich_text': [{'annotations': {'bold': False,
                                               'code': False,
                                               'color': 'gray',
                                               'italic': False,
                                               'strikethrough': False,
                                               'underline': False},
                               'href': None,
                               'plain_text': 'abdcd',
                               'text': {'content': 'abdcd', 'link': None},
                               'type': 'text'}]},
  'parent': {'page_id': '929d5b04-d042-40be-bc07-7f131fd4d1d9',
             'type': 'page_id'},
  'type': 'paragraph'},
 {'archived': False,
  'created_by': {'id': 'db057555-0d7c-455d-aa11-6711d5ee4ef0',
                 'object': 'user'},
  'created_time': '2024-08-03T23:24:00.000Z',
  'has_children': False,
  'id': 'a425b38a-7e2b-4e0c-b90a-5c6930d365d8',
  'in_trash': False,
  'last_edited_by': {'id': 'db057555-0d7c-455d-aa11-6711d5ee4ef0',
                     'object': 'user'},
  'last_edited_time': '2024-08-03T23:24:00.000Z',
  'object': 'block',
  'paragraph': {'color': 'default', 'rich_text': []},
  'parent': {'page_id': '929d5b04-d042-40be-bc07-7f131fd4d1d9',
             'type': 'page_id'},
  'type': 'paragraph'},
 {'archived': False,
  'created_by': {'id': 'db057555-0d7c-455d-aa11-6711d5ee4ef0',
                 'object': 'user'},
  'created_time': '2024-08-03T23:24:00.000Z',
  'has_children': False,
  'id': '47c4d89a-4397-4692-8a8a-9b54e23ee506',
  'in_trash': False,
  'last_edited_by': {'id': 'db057555-0d7c-455d-aa11-6711d5ee4ef0',
                     'object': 'user'},
  'last_edited_time': '2024-08-03T23:24:00.000Z',
  'object': 'block',
  'parent': {'page_id': '929d5b04-d042-40be-bc07-7f131fd4d1d9',
             'type': 'page_id'},
  'to_do': {'checked': False,
            'color': 'default',
            'rich_text': [{'annotations': {'bold': False,
                                           'code': False,
                                           'color': 'green',
                                           'italic': False,
                                           'strikethrough': False,
                                           'underline': False},
                           'href': None,
                           'plain_text': ' ',
                           'text': {'content': ' ', 'link': None},
                           'type': 'text'},
                          {'annotations': {'bold': False,
                                           'code': False,
                                           'color': 'brown',
                                           'italic': False,
                                           'strikethrough': False,
                                           'underline': False},
                           'href': None,
                           'plain_text': '17:00-19:00:\t',
                           'text': {'content': '17:00-19:00:\t', 'link': None},
                           'type': 'text'},
                          {'annotations': {'bold': False,
                                           'code': False,
                                           'color': 'default',
                                           'italic': False,
                                           'strikethrough': False,
                                           'underline': False},
                           'href': None,
                           'plain_text': 'budget:plan ',
                           'text': {'content': 'budget:plan ', 'link': None},
                           'type': 'text'},
                          {'annotations': {'bold': False,
                                           'code': False,
                                           'color': 'gray',
                                           'italic': False,
                                           'strikethrough': False,
                                           'underline': False},
                           'href': None,
                           'plain_text': '(2h)',
                           'text': {'content': '(2h)', 'link': None},
                           'type': 'text'},
                          {'annotations': {'bold': False,
                                           'code': False,
                                           'color': 'green',
                                           'italic': False,
                                           'strikethrough': False,
                                           'underline': False},
                           'href': None,
                           'plain_text': ' ',
                           'text': {'content': ' ', 'link': None},
                           'type': 'text'}]},
  'type': 'to_do'},
 {'archived': False,
  'created_by': {'id': 'db057555-0d7c-455d-aa11-6711d5ee4ef0',
                 'object': 'user'},
  'created_time': '2024-08-03T23:24:00.000Z',
  'has_children': False,
  'id': '7328e644-622f-431b-9d3e-9f3a0cfa42eb',
  'in_trash': False,
  'last_edited_by': {'id': 'db057555-0d7c-455d-aa11-6711d5ee4ef0',
                     'object': 'user'},
  'last_edited_time': '2024-08-03T23:24:00.000Z',
  'object': 'block',
  'paragraph': {'color': 'default', 'rich_text': []},
  'parent': {'page_id': '929d5b04-d042-40be-bc07-7f131fd4d1d9',
             'type': 'page_id'},
  'type': 'paragraph'},
 {'archived': False,
  'created_by': {'id': 'db057555-0d7c-455d-aa11-6711d5ee4ef0',
                 'object': 'user'},
  'created_time': '2024-08-03T23:24:00.000Z',
  'has_children': False,
  'id': 'f5d66c24-21a6-4d02-83aa-c2b917737dce',
  'in_trash': False,
  'last_edited_by': {'id': 'db057555-0d7c-455d-aa11-6711d5ee4ef0',
                     'object': 'user'},
  'last_edited_time': '2024-08-03T23:24:00.000Z',
  'object': 'block',
  'paragraph': {'color': 'default',
                'rich_text': [{'annotations': {'bold': False,
                                               'code': False,
                                               'color': 'gray',
                                               'italic': False,
                                               'strikethrough': False,
                                               'underline': False},
                               'href': None,
                               'plain_text': '\tasvb45',
                               'text': {'content': '\tasvb45', 'link': None},
                               'type': 'text'}]},
  'parent': {'page_id': '929d5b04-d042-40be-bc07-7f131fd4d1d9',
             'type': 'page_id'},
  'type': 'paragraph'},
 {'archived': False,
  'created_by': {'id': 'db057555-0d7c-455d-aa11-6711d5ee4ef0',
                 'object': 'user'},
  'created_time': '2024-08-03T23:24:00.000Z',
  'has_children': False,
  'id': 'dd546e0f-c78f-4518-9761-10b3a7285191',
  'in_trash': False,
  'last_edited_by': {'id': 'db057555-0d7c-455d-aa11-6711d5ee4ef0',
                     'object': 'user'},
  'last_edited_time': '2024-08-03T23:24:00.000Z',
  'object': 'block',
  'paragraph': {'color': 'default', 'rich_text': []},
  'parent': {'page_id': '929d5b04-d042-40be-bc07-7f131fd4d1d9',
             'type': 'page_id'},
  'type': 'paragraph'},
 {'archived': False,
  'created_by': {'id': 'db057555-0d7c-455d-aa11-6711d5ee4ef0',
                 'object': 'user'},
  'created_time': '2024-08-03T23:24:00.000Z',
  'has_children': False,
  'id': '3639b341-9364-4384-b6c6-3ad0124c79cc',
  'in_trash': False,
  'last_edited_by': {'id': 'db057555-0d7c-455d-aa11-6711d5ee4ef0',
                     'object': 'user'},
  'last_edited_time': '2024-08-03T23:24:00.000Z',
  'object': 'block',
  'paragraph': {'color': 'default',
                'rich_text': [{'annotations': {'bold': False,
                                               'code': False,
                                               'color': 'gray',
                                               'italic': False,
                                               'strikethrough': False,
                                               'underline': False},
                               'href': None,
                               'plain_text': '\t{food:out',
                               'text': {'content': '\t{food:out', 'link': None},
                               'type': 'text'}]},
  'parent': {'page_id': '929d5b04-d042-40be-bc07-7f131fd4d1d9',
             'type': 'page_id'},
  'type': 'paragraph'},
 {'archived': False,
  'created_by': {'id': 'db057555-0d7c-455d-aa11-6711d5ee4ef0',
                 'object': 'user'},
  'created_time': '2024-08-03T23:24:00.000Z',
  'has_children': False,
  'id': '590bc81c-400d-4edd-ab5f-85dd6102c33b',
  'in_trash': False,
  'last_edited_by': {'id': 'db057555-0d7c-455d-aa11-6711d5ee4ef0',
                     'object': 'user'},
  'last_edited_time': '2024-08-03T23:24:00.000Z',
  'object': 'block',
  'paragraph': {'color': 'default', 'rich_text': []},
  'parent': {'page_id': '929d5b04-d042-40be-bc07-7f131fd4d1d9',
             'type': 'page_id'},
  'type': 'paragraph'},
 {'archived': False,
  'created_by': {'id': 'db057555-0d7c-455d-aa11-6711d5ee4ef0',
                 'object': 'user'},
  'created_time': '2024-08-03T23:24:00.000Z',
  'has_children': False,
  'id': 'bc3b4e53-eb96-4038-bec2-3a925da24758',
  'in_trash': False,
  'last_edited_by': {'id': 'db057555-0d7c-455d-aa11-6711d5ee4ef0',
                     'object': 'user'},
  'last_edited_time': '2024-08-03T23:24:00.000Z',
  'object': 'block',
  'parent': {'page_id': '929d5b04-d042-40be-bc07-7f131fd4d1d9',
             'type': 'page_id'},
  'to_do': {'checked': False,
            'color': 'default',
            'rich_text': [{'annotations': {'bold': False,
                                           'code': False,
                                           'color': 'green',
                                           'italic': False,
                                           'strikethrough': False,
                                           'underline': False},
                           'href': None,
                           'plain_text': ' ',
                           'text': {'content': ' ', 'link': None},
                           'type': 'text'},
                          {'annotations': {'bold': False,
                                           'code': False,
                                           'color': 'brown',
                                           'italic': False,
                                           'strikethrough': False,
                                           'underline': False},
                           'href': None,
                           'plain_text': '22:30-22:45:\t',
                           'text': {'content': '22:30-22:45:\t', 'link': None},
                           'type': 'text'},
                          {'annotations': {'bold': False,
                                           'code': False,
                                           'color': 'default',
                                           'italic': False,
                                           'strikethrough': False,
                                           'underline': False},
                           'href': None,
                           'plain_text': 'dishes ',
                           'text': {'content': 'dishes ', 'link': None},
                           'type': 'text'},
                          {'annotations': {'bold': False,
                                           'code': False,
                                           'color': 'gray',
                                           'italic': False,
                                           'strikethrough': False,
                                           'underline': False},
                           'href': None,
                           'plain_text': '(15)',
                           'text': {'content': '(15)', 'link': None},
                           'type': 'text'},
                          {'annotations': {'bold': False,
                                           'code': False,
                                           'color': 'green',
                                           'italic': False,
                                           'strikethrough': False,
                                           'underline': False},
                           'href': None,
                           'plain_text': ' ',
                           'text': {'content': ' ', 'link': None},
                           'type': 'text'}]},
  'type': 'to_do'},
 {'archived': False,
  'created_by': {'id': 'db057555-0d7c-455d-aa11-6711d5ee4ef0',
                 'object': 'user'},
  'created_time': '2024-08-03T23:24:00.000Z',
  'has_children': False,
  'id': '48d9d812-af45-4827-81df-d8ea5d999234',
  'in_trash': False,
  'last_edited_by': {'id': 'db057555-0d7c-455d-aa11-6711d5ee4ef0',
                     'object': 'user'},
  'last_edited_time': '2024-08-03T23:24:00.000Z',
  'object': 'block',
  'parent': {'page_id': '929d5b04-d042-40be-bc07-7f131fd4d1d9',
             'type': 'page_id'},
  'to_do': {'checked': False,
            'color': 'default',
            'rich_text': [{'annotations': {'bold': False,
                                           'code': False,
                                           'color': 'green',
                                           'italic': False,
                                           'strikethrough': False,
                                           'underline': False},
                           'href': None,
                           'plain_text': ' ',
                           'text': {'content': ' ', 'link': None},
                           'type': 'text'},
                          {'annotations': {'bold': False,
                                           'code': False,
                                           'color': 'brown',
                                           'italic': False,
                                           'strikethrough': False,
                                           'underline': False},
                           'href': None,
                           'plain_text': '22:45-23:05:\t',
                           'text': {'content': '22:45-23:05:\t', 'link': None},
                           'type': 'text'},
                          {'annotations': {'bold': False,
                                           'code': False,
                                           'color': 'default',
                                           'italic': False,
                                           'strikethrough': False,
                                           'underline': False},
                           'href': None,
                           'plain_text': 'schedule ',
                           'text': {'content': 'schedule ', 'link': None},
                           'type': 'text'},
                          {'annotations': {'bold': False,
                                           'code': False,
                                           'color': 'gray',
                                           'italic': False,
                                           'strikethrough': False,
                                           'underline': False},
                           'href': None,
                           'plain_text': '(20)',
                           'text': {'content': '(20)', 'link': None},
                           'type': 'text'},
                          {'annotations': {'bold': False,
                                           'code': False,
                                           'color': 'green',
                                           'italic': False,
                                           'strikethrough': False,
                                           'underline': False},
                           'href': None,
                           'plain_text': ' ',
                           'text': {'content': ' ', 'link': None},
                           'type': 'text'}]},
  'type': 'to_do'},
 {'archived': False,
  'created_by': {'id': 'db057555-0d7c-455d-aa11-6711d5ee4ef0',
                 'object': 'user'},
  'created_time': '2024-08-03T23:24:00.000Z',
  'has_children': False,
  'id': '26a76c98-4f02-40c6-af76-229b0f4330a4',
  'in_trash': False,
  'last_edited_by': {'id': 'db057555-0d7c-455d-aa11-6711d5ee4ef0',
                     'object': 'user'},
  'last_edited_time': '2024-08-03T23:24:00.000Z',
  'object': 'block',
  'paragraph': {'color': 'default',
                'rich_text': [{'annotations': {'bold': False,
                                               'code': False,
                                               'color': 'blue',
                                               'italic': False,
                                               'strikethrough': False,
                                               'underline': False},
                               'href': None,
                               'plain_text': '23:05',
                               'text': {'content': '23:05', 'link': None},
                               'type': 'text'}]},
  'parent': {'page_id': '929d5b04-d042-40be-bc07-7f131fd4d1d9',
             'type': 'page_id'},
  'type': 'paragraph'},
 {'archived': False,
  'created_by': {'id': 'db057555-0d7c-455d-aa11-6711d5ee4ef0',
                 'object': 'user'},
  'created_time': '2024-08-03T23:24:00.000Z',
  'has_children': False,
  'id': '93388806-78fb-475a-ab12-a5648cbf670a',
  'in_trash': False,
  'last_edited_by': {'id': 'db057555-0d7c-455d-aa11-6711d5ee4ef0',
                     'object': 'user'},
  'last_edited_time': '2024-08-03T23:24:00.000Z',
  'object': 'block',
  'paragraph': {'color': 'default', 'rich_text': []},
  'parent': {'page_id': '929d5b04-d042-40be-bc07-7f131fd4d1d9',
             'type': 'page_id'},
  'type': 'paragraph'},
 {'archived': False,
  'created_by': {'id': 'db057555-0d7c-455d-aa11-6711d5ee4ef0',
                 'object': 'user'},
  'created_time': '2024-08-03T23:24:00.000Z',
  'has_children': False,
  'id': 'c6bcc453-7606-4405-baac-36cb884d4b94',
  'in_trash': False,
  'last_edited_by': {'id': 'db057555-0d7c-455d-aa11-6711d5ee4ef0',
                     'object': 'user'},
  'last_edited_time': '2024-08-03T23:24:00.000Z',
  'object': 'block',
  'parent': {'page_id': '929d5b04-d042-40be-bc07-7f131fd4d1d9',
             'type': 'page_id'},
  'to_do': {'checked': False,
            'color': 'default',
            'rich_text': [{'annotations': {'bold': False,
                                           'code': False,
                                           'color': 'green',
                                           'italic': False,
                                           'strikethrough': False,
                                           'underline': False},
                           'href': None,
                           'plain_text': ' ',
                           'text': {'content': ' ', 'link': None},
                           'type': 'text'},
                          {'annotations': {'bold': False,
                                           'code': False,
                                           'color': 'brown',
                                           'italic': False,
                                           'strikethrough': False,
                                           'underline': False},
                           'href': None,
                           'plain_text': '23:05-23:25:\t',
                           'text': {'content': '23:05-23:25:\t', 'link': None},
                           'type': 'text'},
                          {'annotations': {'bold': False,
                                           'code': False,
                                           'color': 'default',
                                           'italic': False,
                                           'strikethrough': False,
                                           'underline': False},
                           'href': None,
                           'plain_text': 'get ready for bed ',
                           'text': {'content': 'get ready for bed ',
                                    'link': None},
                           'type': 'text'},
                          {'annotations': {'bold': False,
                                           'code': False,
                                           'color': 'gray',
                                           'italic': False,
                                           'strikethrough': False,
                                           'underline': False},
                           'href': None,
                           'plain_text': '(20)',
                           'text': {'content': '(20)', 'link': None},
                           'type': 'text'},
                          {'annotations': {'bold': False,
                                           'code': False,
                                           'color': 'green',
                                           'italic': False,
                                           'strikethrough': False,
                                           'underline': False},
                           'href': None,
                           'plain_text': ' ',
                           'text': {'content': ' ', 'link': None},
                           'type': 'text'}]},
  'type': 'to_do'},
 {'archived': False,
  'created_by': {'id': 'db057555-0d7c-455d-aa11-6711d5ee4ef0',
                 'object': 'user'},
  'created_time': '2024-08-03T23:24:00.000Z',
  'has_children': False,
  'id': '72693417-94c3-4630-824f-96a0186cb5c3',
  'in_trash': False,
  'last_edited_by': {'id': 'db057555-0d7c-455d-aa11-6711d5ee4ef0',
                     'object': 'user'},
  'last_edited_time': '2024-08-03T23:24:00.000Z',
  'object': 'block',
  'paragraph': {'color': 'default', 'rich_text': []},
  'parent': {'page_id': '929d5b04-d042-40be-bc07-7f131fd4d1d9',
             'type': 'page_id'},
  'type': 'paragraph'},
 {'archived': False,
  'created_by': {'id': 'db057555-0d7c-455d-aa11-6711d5ee4ef0',
                 'object': 'user'},
  'created_time': '2024-08-03T23:24:00.000Z',
  'has_children': False,
  'id': 'df75634b-b184-4a38-abab-174670b078fa',
  'in_trash': False,
  'last_edited_by': {'id': 'db057555-0d7c-455d-aa11-6711d5ee4ef0',
                     'object': 'user'},
  'last_edited_time': '2024-08-03T23:24:00.000Z',
  'object': 'block',
  'parent': {'page_id': '929d5b04-d042-40be-bc07-7f131fd4d1d9',
             'type': 'page_id'},
  'to_do': {'checked': False,
            'color': 'default',
            'rich_text': [{'annotations': {'bold': False,
                                           'code': False,
                                           'color': 'green',
                                           'italic': False,
                                           'strikethrough': False,
                                           'underline': False},
                           'href': None,
                           'plain_text': ' ',
                           'text': {'content': ' ', 'link': None},
                           'type': 'text'},
                          {'annotations': {'bold': False,
                                           'code': False,
                                           'color': 'brown',
                                           'italic': False,
                                           'strikethrough': False,
                                           'underline': False},
                           'href': None,
                           'plain_text': '23:25-23:30:\t',
                           'text': {'content': '23:25-23:30:\t', 'link': None},
                           'type': 'text'},
                          {'annotations': {'bold': False,
                                           'code': False,
                                           'color': 'default',
                                           'italic': False,
                                           'strikethrough': False,
                                           'underline': False},
                           'href': None,
                           'plain_text': 'sleep ',
                           'text': {'content': 'sleep ', 'link': None},
                           'type': 'text'},
                          {'annotations': {'bold': False,
                                           'code': False,
                                           'color': 'gray',
                                           'italic': False,
                                           'strikethrough': False,
                                           'underline': False},
                           'href': None,
                           'plain_text': '(5)',
                           'text': {'content': '(5)', 'link': None},
                           'type': 'text'},
                          {'annotations': {'bold': False,
                                           'code': False,
                                           'color': 'green',
                                           'italic': False,
                                           'strikethrough': False,
                                           'underline': False},
                           'href': None,
                           'plain_text': ' ',
                           'text': {'content': ' ', 'link': None},
                           'type': 'text'}]},
  'type': 'to_do'},
 {'archived': False,
  'created_by': {'id': 'db057555-0d7c-455d-aa11-6711d5ee4ef0',
                 'object': 'user'},
  'created_time': '2024-08-03T23:24:00.000Z',
  'has_children': False,
  'id': 'a91ce5a8-9bd7-4545-9f25-d043756b47eb',
  'in_trash': False,
  'last_edited_by': {'id': 'db057555-0d7c-455d-aa11-6711d5ee4ef0',
                     'object': 'user'},
  'last_edited_time': '2024-08-03T23:24:00.000Z',
  'object': 'block',
  'paragraph': {'color': 'default',
                'rich_text': [{'annotations': {'bold': False,
                                               'code': False,
                                               'color': 'blue',
                                               'italic': False,
                                               'strikethrough': False,
                                               'underline': False},
                               'href': None,
                               'plain_text': '23:30',
                               'text': {'content': '23:30', 'link': None},
                               'type': 'text'}]},
  'parent': {'page_id': '929d5b04-d042-40be-bc07-7f131fd4d1d9',
             'type': 'page_id'},
  'type': 'paragraph'},
 {'archived': False,
  'created_by': {'id': 'db057555-0d7c-455d-aa11-6711d5ee4ef0',
                 'object': 'user'},
  'created_time': '2024-08-03T23:24:00.000Z',
  'has_children': False,
  'id': 'd5891e6b-93f3-423e-940a-fbc997c4ddb8',
  'in_trash': False,
  'last_edited_by': {'id': 'db057555-0d7c-455d-aa11-6711d5ee4ef0',
                     'object': 'user'},
  'last_edited_time': '2024-08-03T23:24:00.000Z',
  'object': 'block',
  'paragraph': {'color': 'default', 'rich_text': []},
  'parent': {'page_id': '929d5b04-d042-40be-bc07-7f131fd4d1d9',
             'type': 'page_id'},
  'type': 'paragraph'},
 {'archived': False,
  'created_by': {'id': 'db057555-0d7c-455d-aa11-6711d5ee4ef0',
                 'object': 'user'},
  'created_time': '2024-08-03T23:24:00.000Z',
  'has_children': False,
  'id': '65568119-21a0-4c10-bf94-cfeead64ae90',
  'in_trash': False,
  'last_edited_by': {'id': 'db057555-0d7c-455d-aa11-6711d5ee4ef0',
                     'object': 'user'},
  'last_edited_time': '2024-08-03T23:24:00.000Z',
  'object': 'block',
  'paragraph': {'color': 'default',
                'rich_text': [{'annotations': {'bold': False,
                                               'code': False,
                                               'color': 'gray',
                                               'italic': False,
                                               'strikethrough': False,
                                               'underline': False},
                               'href': None,
                               'plain_text': 'asfgg',
                               'text': {'content': 'asfgg', 'link': None},
                               'type': 'text'}]},
  'parent': {'page_id': '929d5b04-d042-40be-bc07-7f131fd4d1d9',
             'type': 'page_id'},
  'type': 'paragraph'}]
